../Core/Src/main.c:76:5:main	8	static
../Core/Src/main.c:120:6:SystemClock_Config	72	static
../Core/Src/main.c:160:13:MX_GPIO_Init	32	static
../Core/Src/main.c:200:6:Set_Command_Mode	8	static
../Core/Src/main.c:207:6:Set_Address_Input_Mode	8	static
../Core/Src/main.c:214:6:Write_Command	16	static
../Core/Src/main.c:224:6:Write_Address	16	static
../Core/Src/main.c:233:9:Read_Data	32	static
../Core/Src/main.c:250:6:Write_Data	32	static
../Core/Src/main.c:266:9:Read_EEPROM_Bytes	40	static
../Core/Src/main.c:305:9:Write_EEPROM_Bytes	32	static
../Core/Src/main.c:347:6:Error_Handler	4	static,ignoring_inline_asm
